1	6	0
2	12	1
3	18	2
4	24	3
5	30	4
6	36	5
7	42	6
8	48	7
9	54	8
10	60	9
